// Jest Snapshot v1, https://goo.gl/fbAQLP

exports[`Auth Login and Logout should fail when creating user with existing username 1`] = `
{
  "code": "ERROR_CODE_VALIDATION",
  "data": {
    "errors": [
      "Username "somename2@example.com" already exists",
    ],
    "inner": [
      {
        "errors": [
          "Username "somename2@example.com" already exists",
        ],
        "inner": [],
        "message": "Username "somename2@example.com" already exists",
        "name": "ValidationError",
        "params": {
          "originalValue": "somename2@example.com",
          "path": "username",
          "value": "somename2@example.com",
        },
        "path": "username",
        "type": "",
        "value": "somename2@example.com",
      },
    ],
    "value": {
      "username": "somename2@example.com",
    },
  },
  "message": "Validation error",
}
`;

exports[`Auth Login and Logout should fail when creating user with invalid parameters 1`] = `
{
  "code": "ERROR_CODE_VALIDATION",
  "data": {
    "errors": [
      "username must be at least 8 characters",
      "name must be at least 1 characters",
      "password must be at least 8 characters",
      "userProfile.displayName must be defined",
    ],
    "inner": [
      {
        "errors": [
          "username must be at least 8 characters",
        ],
        "inner": [],
        "message": "username must be at least 8 characters",
        "name": "ValidationError",
        "params": {
          "min": 8,
          "originalValue": "",
          "path": "username",
          "value": "",
        },
        "path": "username",
        "type": "min",
        "value": "",
      },
      {
        "errors": [
          "name must be at least 1 characters",
        ],
        "inner": [],
        "message": "name must be at least 1 characters",
        "name": "ValidationError",
        "params": {
          "min": 1,
          "originalValue": "",
          "path": "name",
          "value": "",
        },
        "path": "name",
        "type": "min",
        "value": "",
      },
      {
        "errors": [
          "password must be at least 8 characters",
        ],
        "inner": [],
        "message": "password must be at least 8 characters",
        "name": "ValidationError",
        "params": {
          "min": 8,
          "originalValue": "",
          "path": "password",
          "value": "",
        },
        "path": "password",
        "type": "min",
        "value": "",
      },
      {
        "errors": [
          "userProfile.displayName must be defined",
        ],
        "inner": [],
        "message": "userProfile.displayName must be defined",
        "name": "ValidationError",
        "params": {
          "path": "userProfile.displayName",
        },
        "path": "userProfile.displayName",
        "type": "defined",
      },
    ],
    "value": {
      "name": "",
      "password": "",
      "userProfile": {},
      "username": "",
    },
  },
  "message": "Validation error",
}
`;
