// Jest Snapshot v1, https://goo.gl/fbAQLP

exports[`hooks execution runtime should execute hooks from multiple exec runtimes 1`] = `
{
  "alias": "$target_0",
  "changeset": [
    {
      "name": "name",
      "setter": {
        "args": [
          {
            "name": "value",
            "setter": {
              "kind": "literal",
              "type": "text",
              "value": "First Last",
            },
          },
          {
            "name": "prefix",
            "setter": {
              "kind": "literal",
              "type": "text",
              "value": "Mr. ",
            },
          },
        ],
        "hook": {
          "file": "hooks2.js",
          "kind": "source",
          "runtimeName": "TextRuntime",
          "target": "prefix",
        },
        "kind": "fieldset-hook",
      },
    },
    {
      "name": "avg",
      "setter": {
        "args": [
          {
            "name": "x",
            "setter": {
              "kind": "literal",
              "type": "integer",
              "value": 100,
            },
          },
          {
            "name": "y",
            "setter": {
              "kind": "literal",
              "type": "integer",
              "value": 20,
            },
          },
        ],
        "hook": {
          "file": "hooks.js",
          "kind": "source",
          "runtimeName": "MathRuntime",
          "target": "prefix",
        },
        "kind": "fieldset-hook",
      },
    },
  ],
  "kind": "create-one",
  "model": "Result",
  "select": [],
  "targetPath": [
    "$target_0",
  ],
}
`;
