// Jest Snapshot v1, https://goo.gl/fbAQLP

exports[`entrypoint adds validators into fieldsets 1`] = `
{
  "kind": "record",
  "nullable": false,
  "record": {
    "name": {
      "kind": "field",
      "nullable": false,
      "required": true,
      "type": "text",
      "validators": [
        {
          "args": [
            {
              "type": "integer",
              "value": 4,
            },
          ],
          "inputType": "text",
          "name": "minLength",
        },
        {
          "args": [
            {
              "type": "integer",
              "value": 100,
            },
          ],
          "inputType": "text",
          "name": "maxLength",
        },
      ],
    },
  },
}
`;

exports[`entrypoint composes basic example 1`] = `
[
  {
    "endpoints": [
      {
        "kind": "list",
        "parentContext": [],
        "response": [
          {
            "alias": "id",
            "kind": "field",
            "name": "id",
            "namePath": [
              "Org",
              "id",
            ],
            "refKey": "Org.id",
          },
          {
            "alias": "slug",
            "kind": "field",
            "name": "slug",
            "namePath": [
              "Org",
              "slug",
            ],
            "refKey": "Org.slug",
          },
          {
            "alias": "name",
            "kind": "field",
            "name": "name",
            "namePath": [
              "Org",
              "name",
            ],
            "refKey": "Org.name",
          },
        ],
        "target": {
          "alias": "$target_0",
          "kind": "model",
          "name": "Org",
          "namePath": [
            "Org",
          ],
          "refKey": "Org",
          "retType": "Org",
          "select": [],
        },
      },
      {
        "kind": "get",
        "parentContext": [],
        "response": [
          {
            "alias": "id",
            "kind": "field",
            "name": "id",
            "namePath": [
              "Org",
              "id",
            ],
            "refKey": "Org.id",
          },
          {
            "alias": "slug",
            "kind": "field",
            "name": "slug",
            "namePath": [
              "Org",
              "slug",
            ],
            "refKey": "Org.slug",
          },
          {
            "alias": "name",
            "kind": "field",
            "name": "name",
            "namePath": [
              "Org",
              "name",
            ],
            "refKey": "Org.name",
          },
        ],
        "target": {
          "alias": "$target_0",
          "identifyWith": {
            "name": "slug",
            "paramName": "org_slug",
            "refKey": "Org.slug",
            "type": "text",
          },
          "kind": "model",
          "name": "Org",
          "namePath": [
            "Org",
          ],
          "refKey": "Org",
          "retType": "Org",
          "select": [],
        },
      },
    ],
    "entrypoints": [
      {
        "endpoints": [
          {
            "kind": "list",
            "parentContext": [
              {
                "alias": "$target_0",
                "identifyWith": {
                  "name": "slug",
                  "paramName": "org_slug",
                  "refKey": "Org.slug",
                  "type": "text",
                },
                "kind": "model",
                "name": "Org",
                "namePath": [
                  "Org",
                ],
                "refKey": "Org",
                "retType": "Org",
                "select": [],
              },
            ],
            "response": [
              {
                "alias": "id",
                "kind": "field",
                "name": "id",
                "namePath": [
                  "Org",
                  "repos",
                  "id",
                ],
                "refKey": "Repo.id",
              },
              {
                "alias": "org",
                "kind": "reference",
                "name": "org",
                "namePath": [
                  "Org",
                  "repos",
                  "org",
                ],
                "select": [
                  {
                    "alias": "id",
                    "kind": "field",
                    "name": "id",
                    "namePath": [
                      "Org",
                      "repos",
                      "org",
                      "id",
                    ],
                    "refKey": "Org.id",
                  },
                  {
                    "alias": "slug",
                    "kind": "field",
                    "name": "slug",
                    "namePath": [
                      "Org",
                      "repos",
                      "org",
                      "slug",
                    ],
                    "refKey": "Org.slug",
                  },
                  {
                    "alias": "name",
                    "kind": "field",
                    "name": "name",
                    "namePath": [
                      "Org",
                      "repos",
                      "org",
                      "name",
                    ],
                    "refKey": "Org.name",
                  },
                ],
              },
            ],
            "target": {
              "alias": "repo",
              "kind": "relation",
              "name": "repos",
              "namePath": [
                "Org",
                "repos",
              ],
              "refKey": "Org.repos",
              "retType": "Repo",
              "select": [],
            },
          },
          {
            "kind": "get",
            "parentContext": [
              {
                "alias": "$target_0",
                "identifyWith": {
                  "name": "slug",
                  "paramName": "org_slug",
                  "refKey": "Org.slug",
                  "type": "text",
                },
                "kind": "model",
                "name": "Org",
                "namePath": [
                  "Org",
                ],
                "refKey": "Org",
                "retType": "Org",
                "select": [],
              },
            ],
            "response": [
              {
                "alias": "id",
                "kind": "field",
                "name": "id",
                "namePath": [
                  "Org",
                  "repos",
                  "id",
                ],
                "refKey": "Repo.id",
              },
              {
                "alias": "org",
                "kind": "reference",
                "name": "org",
                "namePath": [
                  "Org",
                  "repos",
                  "org",
                ],
                "select": [
                  {
                    "alias": "id",
                    "kind": "field",
                    "name": "id",
                    "namePath": [
                      "Org",
                      "repos",
                      "org",
                      "id",
                    ],
                    "refKey": "Org.id",
                  },
                  {
                    "alias": "slug",
                    "kind": "field",
                    "name": "slug",
                    "namePath": [
                      "Org",
                      "repos",
                      "org",
                      "slug",
                    ],
                    "refKey": "Org.slug",
                  },
                  {
                    "alias": "name",
                    "kind": "field",
                    "name": "name",
                    "namePath": [
                      "Org",
                      "repos",
                      "org",
                      "name",
                    ],
                    "refKey": "Org.name",
                  },
                ],
              },
            ],
            "target": {
              "alias": "repo",
              "identifyWith": {
                "name": "id",
                "paramName": "repo_id",
                "refKey": "Repo.id",
                "type": "integer",
              },
              "kind": "relation",
              "name": "repos",
              "namePath": [
                "Org",
                "repos",
              ],
              "refKey": "Org.repos",
              "retType": "Repo",
              "select": [],
            },
          },
          {
            "actions": [
              {
                "alias": "repo",
                "changeset": [
                  {
                    "name": "title",
                    "setter": {
                      "fieldsetAccess": [
                        "title",
                      ],
                      "kind": "fieldset-input",
                      "required": true,
                      "type": "text",
                    },
                  },
                  {
                    "name": "org_id",
                    "setter": {
                      "kind": "reference-value",
                      "target": {
                        "access": [
                          "id",
                        ],
                        "alias": "$target_0",
                      },
                    },
                  },
                ],
                "kind": "create-one",
                "model": "Repo",
                "select": [],
                "targetPath": [
                  "repo",
                ],
              },
            ],
            "fieldset": {
              "kind": "record",
              "nullable": false,
              "record": {
                "title": {
                  "kind": "field",
                  "nullable": false,
                  "required": true,
                  "type": "text",
                  "validators": [],
                },
              },
            },
            "kind": "create",
            "parentContext": [
              {
                "alias": "$target_0",
                "identifyWith": {
                  "name": "slug",
                  "paramName": "org_slug",
                  "refKey": "Org.slug",
                  "type": "text",
                },
                "kind": "model",
                "name": "Org",
                "namePath": [
                  "Org",
                ],
                "refKey": "Org",
                "retType": "Org",
                "select": [
                  {
                    "alias": "id",
                    "kind": "field",
                    "name": "id",
                    "namePath": [
                      "Org",
                      "id",
                    ],
                    "refKey": "Org.id",
                  },
                ],
              },
            ],
            "response": [
              {
                "alias": "id",
                "kind": "field",
                "name": "id",
                "namePath": [
                  "Org",
                  "repos",
                  "id",
                ],
                "refKey": "Repo.id",
              },
              {
                "alias": "org",
                "kind": "reference",
                "name": "org",
                "namePath": [
                  "Org",
                  "repos",
                  "org",
                ],
                "select": [
                  {
                    "alias": "id",
                    "kind": "field",
                    "name": "id",
                    "namePath": [
                      "Org",
                      "repos",
                      "org",
                      "id",
                    ],
                    "refKey": "Org.id",
                  },
                  {
                    "alias": "slug",
                    "kind": "field",
                    "name": "slug",
                    "namePath": [
                      "Org",
                      "repos",
                      "org",
                      "slug",
                    ],
                    "refKey": "Org.slug",
                  },
                  {
                    "alias": "name",
                    "kind": "field",
                    "name": "name",
                    "namePath": [
                      "Org",
                      "repos",
                      "org",
                      "name",
                    ],
                    "refKey": "Org.name",
                  },
                ],
              },
            ],
            "target": {
              "alias": "repo",
              "kind": "relation",
              "name": "repos",
              "namePath": [
                "Org",
                "repos",
              ],
              "refKey": "Org.repos",
              "retType": "Repo",
              "select": [],
            },
          },
        ],
        "entrypoints": [],
        "name": "Repositories",
        "target": {
          "alias": "repo",
          "identifyWith": {
            "name": "id",
            "paramName": "repo_id",
            "refKey": "Repo.id",
            "type": "integer",
          },
          "kind": "relation",
          "name": "repos",
          "namePath": [
            "Org",
            "repos",
          ],
          "refKey": "Org.repos",
          "retType": "Repo",
        },
      },
    ],
    "name": "Orgs",
    "target": {
      "alias": "$target_0",
      "identifyWith": {
        "name": "slug",
        "paramName": "org_slug",
        "refKey": "Org.slug",
        "type": "text",
      },
      "kind": "model",
      "name": "Org",
      "namePath": [
        "Org",
      ],
      "refKey": "Org",
      "retType": "Org",
    },
  },
]
`;
