// Jest Snapshot v1, https://goo.gl/fbAQLP

exports[`authenticator composer succeeds for simple authenticator 1`] = `
{
  "method": {
    "kind": "basic",
  },
  "name": "Auth",
  "targetModel": {
    "name": "AuthUser",
    "refKey": "AuthUser",
  },
}
`;

exports[`authenticator composer succeeds for simple authenticator 2`] = `
[
  {
    "aggregates": [],
    "computeds": [],
    "dbname": "authuser",
    "fields": [
      {
        "dbname": "id",
        "dbtype": "serial",
        "kind": "field",
        "modelRefKey": "AuthUser",
        "name": "id",
        "nullable": false,
        "primary": true,
        "refKey": "AuthUser.id",
        "type": "integer",
        "unique": true,
        "validators": [],
      },
      {
        "dbname": "name",
        "dbtype": "text",
        "kind": "field",
        "modelRefKey": "AuthUser",
        "name": "name",
        "nullable": false,
        "primary": false,
        "refKey": "AuthUser.name",
        "type": "text",
        "unique": false,
        "validators": [],
      },
      {
        "dbname": "email",
        "dbtype": "text",
        "kind": "field",
        "modelRefKey": "AuthUser",
        "name": "email",
        "nullable": false,
        "primary": false,
        "refKey": "AuthUser.email",
        "type": "text",
        "unique": true,
        "validators": [],
      },
      {
        "dbname": "password",
        "dbtype": "text",
        "kind": "field",
        "modelRefKey": "AuthUser",
        "name": "password",
        "nullable": false,
        "primary": false,
        "refKey": "AuthUser.password",
        "type": "text",
        "unique": false,
        "validators": [],
      },
    ],
    "hooks": [],
    "kind": "model",
    "name": "AuthUser",
    "queries": [],
    "refKey": "AuthUser",
    "references": [],
    "relations": [],
  },
  {
    "aggregates": [],
    "computeds": [],
    "dbname": "authuseraccesstoken",
    "fields": [
      {
        "dbname": "id",
        "dbtype": "serial",
        "kind": "field",
        "modelRefKey": "AuthUserAccessToken",
        "name": "id",
        "nullable": false,
        "primary": true,
        "refKey": "AuthUserAccessToken.id",
        "type": "integer",
        "unique": true,
        "validators": [],
      },
      {
        "dbname": "token",
        "dbtype": "text",
        "kind": "field",
        "modelRefKey": "AuthUserAccessToken",
        "name": "token",
        "nullable": false,
        "primary": false,
        "refKey": "AuthUserAccessToken.token",
        "type": "text",
        "unique": true,
        "validators": [],
      },
      {
        "dbname": "expirydate",
        "dbtype": "text",
        "kind": "field",
        "modelRefKey": "AuthUserAccessToken",
        "name": "expiryDate",
        "nullable": false,
        "primary": false,
        "refKey": "AuthUserAccessToken.expiryDate",
        "type": "text",
        "unique": false,
        "validators": [],
      },
      {
        "dbname": "target_id",
        "dbtype": "integer",
        "kind": "field",
        "modelRefKey": "AuthUserAccessToken",
        "name": "target_id",
        "nullable": false,
        "primary": false,
        "refKey": "AuthUserAccessToken.target_id",
        "type": "integer",
        "unique": false,
        "validators": [],
      },
    ],
    "hooks": [],
    "kind": "model",
    "name": "AuthUserAccessToken",
    "queries": [],
    "refKey": "AuthUserAccessToken",
    "references": [
      {
        "fieldRefKey": "AuthUserAccessToken.target_id",
        "kind": "reference",
        "modelRefKey": "AuthUserAccessToken",
        "name": "target",
        "nullable": false,
        "refKey": "AuthUserAccessToken.target",
        "toModelFieldRefKey": "AuthUser.id",
        "toModelRefKey": "AuthUser",
        "unique": false,
      },
    ],
    "relations": [],
  },
]
`;
