// Jest Snapshot v1, https://goo.gl/fbAQLP

exports[`compose models parses validators 1`] = `
[
  {
    "aggregates": [],
    "computeds": [],
    "dbname": "org",
    "fields": [
      {
        "dbname": "id",
        "kind": "field",
        "modelRefKey": "Org",
        "name": "id",
        "nullable": false,
        "primary": true,
        "refKey": "Org.id",
        "type": "integer",
        "unique": true,
        "validators": [],
      },
      {
        "dbname": "adminemail",
        "kind": "field",
        "modelRefKey": "Org",
        "name": "adminEmail",
        "nullable": false,
        "primary": false,
        "refKey": "Org.adminEmail",
        "type": "string",
        "unique": false,
        "validators": [
          {
            "args": [
              {
                "kind": "integer",
                "value": 4,
              },
            ],
            "inputType": "string",
            "name": "minLength",
          },
          {
            "args": [
              {
                "kind": "integer",
                "value": 100,
              },
            ],
            "inputType": "string",
            "name": "maxLength",
          },
          {
            "args": [],
            "inputType": "string",
            "name": "isEmail",
          },
        ],
      },
      {
        "dbname": "num_employees",
        "kind": "field",
        "modelRefKey": "Org",
        "name": "num_employees",
        "nullable": false,
        "primary": false,
        "refKey": "Org.num_employees",
        "type": "integer",
        "unique": false,
        "validators": [
          {
            "args": [
              {
                "kind": "integer",
                "value": 0,
              },
            ],
            "inputType": "integer",
            "name": "minInt",
          },
          {
            "args": [
              {
                "kind": "integer",
                "value": 9999,
              },
            ],
            "inputType": "integer",
            "name": "maxInt",
          },
        ],
      },
    ],
    "hooks": [],
    "kind": "model",
    "name": "Org",
    "queries": [],
    "refKey": "Org",
    "references": [],
    "relations": [],
  },
]
`;
