// Jest Snapshot v1, https://goo.gl/fbAQLP

exports[`Query plan composes a query 1`] = `
{
  "filter": {
    "args": [
      {
        "args": [
          {
            "args": [
              {
                "fnName": "count",
                "kind": "aggregate-function",
                "sourcePath": [
                  "Org",
                  "repos",
                ],
                "targetPath": [
                  "issues",
                ],
                "type": {
                  "kind": "integer",
                  "nullable": false,
                },
              },
              {
                "fnName": "count",
                "kind": "aggregate-function",
                "sourcePath": [
                  "Org",
                  "repos",
                ],
                "targetPath": [
                  "issues",
                  "repo",
                  "id",
                ],
                "type": {
                  "kind": "integer",
                  "nullable": false,
                },
              },
            ],
            "kind": "function",
            "name": "+",
          },
          {
            "fnName": "sum",
            "kind": "aggregate-function",
            "sourcePath": [
              "Org",
              "repos",
            ],
            "targetPath": [
              "issues",
              "id",
            ],
            "type": {
              "kind": "integer",
              "nullable": false,
            },
          },
        ],
        "kind": "function",
        "name": "+",
      },
      {
        "args": [
          {
            "args": [
              {
                "fnName": "count",
                "kind": "aggregate-function",
                "sourcePath": [
                  "Org",
                  "repos",
                ],
                "targetPath": [
                  "issues",
                  "repo_name",
                ],
                "type": {
                  "kind": "integer",
                  "nullable": false,
                },
              },
              {
                "kind": "alias",
                "namePath": [
                  "Org",
                  "repos",
                  "ref_number",
                ],
              },
            ],
            "kind": "function",
            "name": "+",
          },
          {
            "fnName": "count",
            "kind": "aggregate-function",
            "sourcePath": [
              "Org",
            ],
            "targetPath": [
              "repos",
              "id",
            ],
            "type": {
              "kind": "integer",
              "nullable": false,
            },
          },
        ],
        "kind": "function",
        "name": "+",
      },
    ],
    "kind": "function",
    "name": ">",
  },
  "fromPath": [
    "Org",
    "repos",
  ],
  "kind": "query",
  "limit": undefined,
  "modelRefKey": "Org",
  "name": "$query",
  "offset": undefined,
  "orderBy": undefined,
  "refKey": "N/A",
  "retType": "Repo",
  "select": [
    {
      "alias": "id",
      "kind": "field",
      "name": "id",
      "namePath": [
        "Org",
        "repos",
        "id",
      ],
      "refKey": "Repo.id",
    },
    {
      "alias": "name",
      "kind": "field",
      "name": "name",
      "namePath": [
        "Org",
        "repos",
        "name",
      ],
      "refKey": "Repo.name",
    },
    {
      "alias": "org_name",
      "kind": "computed",
      "name": "org_name",
      "namePath": [
        "Org",
        "repos",
        "org_name",
      ],
      "refKey": "Repo.org_name",
    },
  ],
}
`;
