// Jest Snapshot v1, https://goo.gl/fbAQLP

exports[`runtime changeset build action changeset object 1`] = `
{
  "hook_field": 3,
  "input_prop": "input value",
  "input_prop_missing": undefined,
  "input_value_copy": "input value",
  "other_model_id": 1,
  "value_prop": "just value",
  "virtual_input_prop": "virtual input value",
}
`;

exports[`runtime changeset build strict action changeset object 1`] = `
{
  "input_prop": "just value",
}
`;

exports[`runtime changeset calculate changeset arithmetic operations 1`] = `
{
  "a": 2,
  "and": false,
  "bar": "bar2",
  "concat": "foo1 bar2",
  "divide": 3,
  "foo": "foo1",
  "gt": false,
  "gte": true,
  "in": "TODO",
  "is": false,
  "is not": true,
  "is_a": true,
  "length": 4,
  "lower": "foo1",
  "lt": false,
  "lte": true,
  "minus": 5,
  "multiply": 12,
  "not in": "TODO",
  "or": true,
  "plus": 6,
  "upper": "FOO1",
}
`;
